
> texqtic-platform-server@0.1.0 test C:\Users\PARESH\TexQtic\server
> vitest run "--no-file-parallelism" "--maxWorkers=1" "rls-catalog-items.smoke"


[1m[46m RUN [49m[22m [36mv4.0.18 [39m[90mC:/Users/PARESH/TexQtic/server[39m

node.exe : [90mstderr[2m | 
src/__tests__/rls-catalog-items.smoke.integration.test.ts[2m > [22m[2mRLS Catalog 
Items ÔÇö Cross-Tenant Isolation (Smoke)
At C:\Users\PARESH\AppData\Roaming\npm\pnpm.ps1:24 char:5
+     & "node$exe"  "$basedir/node_modules/pnpm/bin/pnpm.cjs" $args
+     ~~~~~~~~~~~~~~~~~~~~~~~~~~~~~~~~~~~~~~~~~~~~~~~~~~~~~~~~~~~~~
    + CategoryInfo          : NotSpecified: ([90mstderr[2m...olation (Smoke):String) 
    [], RemoteException
    + FullyQualifiedErrorId : NativeCommandError
 
[22m[39mÔÜá´©Å  RLS bypass enabled (test mode) ÔÇö triple-gate activated: 
bypass_rls=on + realm=test + roles=TEST_SEED

[90mstderr[2m | src/__tests__/rls-catalog-items.smoke.integration.test.ts[2m > 
[22m[2mRLS Catalog Items ÔÇö Cross-Tenant Isolation (Smoke)[2m > [22m[2mOrg A 
context returns only Org A items
[22m[39mÔÜá´©Å  RLS bypass enabled (test mode) ÔÇö triple-gate activated: 
bypass_rls=on + realm=test + roles=TEST_SEED

[90mstderr[2m | src/__tests__/rls-catalog-items.smoke.integration.test.ts[2m > 
[22m[2mRLS Catalog Items ÔÇö Cross-Tenant Isolation (Smoke)[2m > [22m[2mOrg A 
context returns only Org A items
[22m[39mÔÜá´©Å  RLS bypass enabled (test mode) ÔÇö triple-gate activated: 
bypass_rls=on + realm=test + roles=TEST_SEED

[90mstderr[2m | src/__tests__/rls-catalog-items.smoke.integration.test.ts[2m > 
[22m[2mRLS Catalog Items ÔÇö Cross-Tenant Isolation (Smoke)[2m > [22m[2mOrg A 
context returns only Org A items
[22m[39mÔÜá´©Å  RLS bypass enabled (test mode) ÔÇö triple-gate activated: 
bypass_rls=on + realm=test + roles=TEST_SEED

[90mstderr[2m | src/__tests__/rls-catalog-items.smoke.integration.test.ts[2m > 
[22m[2mRLS Catalog Items ÔÇö Cross-Tenant Isolation (Smoke)[2m > [22m[2mOrg A 
context returns only Org A items
[22m[39mÔÜá´©Å  RLS bypass enabled (test mode) ÔÇö triple-gate activated: 
bypass_rls=on + realm=test + roles=TEST_SEED

[90mstdout[2m | src/__tests__/rls-catalog-items.smoke.integration.test.ts[2m > [22m[2mRLS Catalog Items ÔÇö Cross-Tenant Isolation (Smoke)[2m > [22m[2mOrg A context returns only Org A items
[22m[39mDEBUG_CONTEXT_ORG_A: {"org_id":"4133220d-1bbb-4c56-a119-4ccd25bd92ed","realm":"tenant","roles":"","bypass":"off"}

[90mstderr[2m | src/__tests__/rls-catalog-items.smoke.integration.test.ts[2m > 
[22m[2mRLS Catalog Items ÔÇö Cross-Tenant Isolation (Smoke)[2m > [22m[2mOrg A 
context returns only Org A items
[22m[39mÔÜá´©Å  RLS bypass enabled (test mode) ÔÇö triple-gate activated: 
bypass_rls=on + realm=test + roles=TEST_SEED

[90mstderr[2m | src/__tests__/rls-catalog-items.smoke.integration.test.ts[2m > 
[22m[2mRLS Catalog Items ÔÇö Cross-Tenant Isolation (Smoke)[2m > [22m[2mOrg A 
context returns only Org A items
[22m[39mÔÜá´©Å  RLS bypass enabled (test mode) ÔÇö triple-gate activated: 
bypass_rls=on + realm=test + roles=TEST_SEED

[90mstdout[2m | src/__tests__/rls-catalog-items.smoke.integration.test.ts[2m > [22m[2mRLS Catalog Items ÔÇö Cross-Tenant Isolation (Smoke)[2m > [22m[2mOrg A context returns only Org A items
[22m[39mDEBUG_ALL_ROWS_WITH_TENANT_IDS: [
  {
    "sku": "TEST-3f7072f4-94d7-4592-8c82-bddaad0dfa1d-0",
    "tenant_id": "4133220d-1bbb-4c56-a119-4ccd25bd92ed"
  },
  {
    "sku": "TEST-3f7072f4-94d7-4592-8c82-bddaad0dfa1d-0",
    "tenant_id": "59329277-b6b2-4590-b88f-35aba8463c9f"
  },
  {
    "sku": "TEST-3f7072f4-94d7-4592-8c82-bddaad0dfa1d-1",
    "tenant_id": "4133220d-1bbb-4c56-a119-4ccd25bd92ed"
  },
  {
    "sku": "TEST-3f7072f4-94d7-4592-8c82-bddaad0dfa1d-1",
    "tenant_id": "59329277-b6b2-4590-b88f-35aba8463c9f"
  },
  {
    "sku": "TEST-3f7072f4-94d7-4592-8c82-bddaad0dfa1d-2",
    "tenant_id": "59329277-b6b2-4590-b88f-35aba8463c9f"
  }
]

[90mstdout[2m | src/__tests__/rls-catalog-items.smoke.integration.test.ts[2m > [22m[2mRLS Catalog Items ÔÇö Cross-Tenant Isolation (Smoke)[2m > [22m[2mOrg A context returns only Org A items
[22m[39mDEBUG_ITEMS_A_COUNT: [33m5[39m
DEBUG_ITEMS_A_TENANT_IDS: [
  {
    "sku": "TEST-3f7072f4-94d7-4592-8c82-bddaad0dfa1d-0",
    "tenantId": "4133220d-1bbb-4c56-a119-4ccd25bd92ed"
  },
  {
    "sku": "TEST-3f7072f4-94d7-4592-8c82-bddaad0dfa1d-0",
    "tenantId": "59329277-b6b2-4590-b88f-35aba8463c9f"
  },
  {
    "sku": "TEST-3f7072f4-94d7-4592-8c82-bddaad0dfa1d-1",
    "tenantId": "4133220d-1bbb-4c56-a119-4ccd25bd92ed"
  },
  {
    "sku": "TEST-3f7072f4-94d7-4592-8c82-bddaad0dfa1d-1",
    "tenantId": "59329277-b6b2-4590-b88f-35aba8463c9f"
  },
  {
    "sku": "TEST-3f7072f4-94d7-4592-8c82-bddaad0dfa1d-2",
    "tenantId": "59329277-b6b2-4590-b88f-35aba8463c9f"
  }
]

[90mstderr[2m | src/__tests__/rls-catalog-items.smoke.integration.test.ts[2m > 
[22m[2mRLS Catalog Items ÔÇö Cross-Tenant Isolation (Smoke)[2m > [22m[2mOrg A 
context returns only Org A items
[22m[39mÔÜá´©Å  RLS bypass enabled (test mode) ÔÇö triple-gate activated: 
bypass_rls=on + realm=test + roles=TEST_SEED

[90mstderr[2m | src/__tests__/rls-catalog-items.smoke.integration.test.ts[2m > 
[22m[2mRLS Catalog Items ÔÇö Cross-Tenant Isolation (Smoke)[2m > [22m[2mOrg B 
context returns only Org B items
[22m[39mÔÜá´©Å  RLS bypass enabled (test mode) ÔÇö triple-gate activated: 
bypass_rls=on + realm=test + roles=TEST_SEED

[90mstderr[2m | src/__tests__/rls-catalog-items.smoke.integration.test.ts[2m > 
[22m[2mRLS Catalog Items ÔÇö Cross-Tenant Isolation (Smoke)[2m > [22m[2mOrg B 
context returns only Org B items
[22m[39mÔÜá´©Å  RLS bypass enabled (test mode) ÔÇö triple-gate activated: 
bypass_rls=on + realm=test + roles=TEST_SEED

[90mstderr[2m | src/__tests__/rls-catalog-items.smoke.integration.test.ts[2m > 
[22m[2mRLS Catalog Items ÔÇö Cross-Tenant Isolation (Smoke)[2m > [22m[2mOrg B 
context returns only Org B items
[22m[39mÔÜá´©Å  RLS bypass enabled (test mode) ÔÇö triple-gate activated: 
bypass_rls=on + realm=test + roles=TEST_SEED

[90mstderr[2m | src/__tests__/rls-catalog-items.smoke.integration.test.ts[2m > 
[22m[2mRLS Catalog Items ÔÇö Cross-Tenant Isolation (Smoke)[2m > [22m[2mOrg B 
context returns only Org B items
[22m[39mÔÜá´©Å  RLS bypass enabled (test mode) ÔÇö triple-gate activated: 
bypass_rls=on + realm=test + roles=TEST_SEED

[90mstderr[2m | src/__tests__/rls-catalog-items.smoke.integration.test.ts[2m > 
[22m[2mRLS Catalog Items ÔÇö Cross-Tenant Isolation (Smoke)[2m > [22m[2mOrg B 
context returns only Org B items
[22m[39mÔÜá´©Å  RLS bypass enabled (test mode) ÔÇö triple-gate activated: 
bypass_rls=on + realm=test + roles=TEST_SEED

[90mstderr[2m | src/__tests__/rls-catalog-items.smoke.integration.test.ts[2m > 
[22m[2mRLS Catalog Items ÔÇö Cross-Tenant Isolation (Smoke)[2m > [22m[2mOrg B 
context returns only Org B items
[22m[39mÔÜá´©Å  RLS bypass enabled (test mode) ÔÇö triple-gate activated: 
bypass_rls=on + realm=test + roles=TEST_SEED

[90mstderr[2m | src/__tests__/rls-catalog-items.smoke.integration.test.ts[2m > 
[22m[2mRLS Catalog Items ÔÇö Cross-Tenant Isolation (Smoke)[2m > 
[22m[2mCross-tenant isolation: Org A cannot see Org B items
[22m[39mÔÜá´©Å  RLS bypass enabled (test mode) ÔÇö triple-gate activated: 
bypass_rls=on + realm=test + roles=TEST_SEED

[90mstderr[2m | src/__tests__/rls-catalog-items.smoke.integration.test.ts[2m > 
[22m[2mRLS Catalog Items ÔÇö Cross-Tenant Isolation (Smoke)[2m > 
[22m[2mCross-tenant isolation: Org A cannot see Org B items
[22m[39mÔÜá´©Å  RLS bypass enabled (test mode) ÔÇö triple-gate activated: 
bypass_rls=on + realm=test + roles=TEST_SEED

[90mstderr[2m | src/__tests__/rls-catalog-items.smoke.integration.test.ts[2m > 
[22m[2mRLS Catalog Items ÔÇö Cross-Tenant Isolation (Smoke)[2m > 
[22m[2mCross-tenant isolation: Org A cannot see Org B items
[22m[39mÔÜá´©Å  RLS bypass enabled (test mode) ÔÇö triple-gate activated: 
bypass_rls=on + realm=test + roles=TEST_SEED

[90mstderr[2m | src/__tests__/rls-catalog-items.smoke.integration.test.ts[2m > 
[22m[2mRLS Catalog Items ÔÇö Cross-Tenant Isolation (Smoke)[2m > 
[22m[2mCross-tenant isolation: Org A cannot see Org B items
[22m[39mÔÜá´©Å  RLS bypass enabled (test mode) ÔÇö triple-gate activated: 
bypass_rls=on + realm=test + roles=TEST_SEED

[90mstderr[2m | src/__tests__/rls-catalog-items.smoke.integration.test.ts[2m > 
[22m[2mRLS Catalog Items ÔÇö Cross-Tenant Isolation (Smoke)[2m > 
[22m[2mCross-tenant isolation: Org A cannot see Org B items
[22m[39mÔÜá´©Å  RLS bypass enabled (test mode) ÔÇö triple-gate activated: 
bypass_rls=on + realm=test + roles=TEST_SEED

[90mstderr[2m | src/__tests__/rls-catalog-items.smoke.integration.test.ts[2m > 
[22m[2mRLS Catalog Items ÔÇö Cross-Tenant Isolation (Smoke)[2m > 
[22m[2mCross-tenant isolation: Org A cannot see Org B items
[22m[39mÔÜá´©Å  RLS bypass enabled (test mode) ÔÇö triple-gate activated: 
bypass_rls=on + realm=test + roles=TEST_SEED

[90mstderr[2m | src/__tests__/rls-catalog-items.smoke.integration.test.ts[2m > 
[22m[2mRLS Catalog Items ÔÇö Cross-Tenant Isolation (Smoke)[2m > 
[22m[2mFail-closed: Query without context throws error or returns empty
[22m[39mÔÜá´©Å  RLS bypass enabled (test mode) ÔÇö triple-gate activated: 
bypass_rls=on + realm=test + roles=TEST_SEED

[90mstderr[2m | src/__tests__/rls-catalog-items.smoke.integration.test.ts[2m > 
[22m[2mRLS Catalog Items ÔÇö Cross-Tenant Isolation (Smoke)[2m > 
[22m[2mFail-closed: Query without context throws error or returns empty
[22m[39mÔÜá´©Å  RLS bypass enabled (test mode) ÔÇö triple-gate activated: 
bypass_rls=on + realm=test + roles=TEST_SEED

[90mstderr[2m | src/__tests__/rls-catalog-items.smoke.integration.test.ts[2m > 
[22m[2mRLS Catalog Items ÔÇö Cross-Tenant Isolation (Smoke)[2m > 
[22m[2mFail-closed: Query without context throws error or returns empty
[22m[39mÔÜá´©Å  RLS bypass enabled (test mode) ÔÇö triple-gate activated: 
bypass_rls=on + realm=test + roles=TEST_SEED

[90mstderr[2m | src/__tests__/rls-catalog-items.smoke.integration.test.ts[2m > 
[22m[2mRLS Catalog Items ÔÇö Cross-Tenant Isolation (Smoke)[2m > 
[22m[2mFail-closed: Query without context throws error or returns empty
[22m[39mÔÜá´©Å  RLS bypass enabled (test mode) ÔÇö triple-gate activated: 
bypass_rls=on + realm=test + roles=TEST_SEED

[90mstderr[2m | src/__tests__/rls-catalog-items.smoke.integration.test.ts[2m > 
[22m[2mRLS Catalog Items ÔÇö Cross-Tenant Isolation (Smoke)[2m > 
[22m[2mFail-closed: Query without context throws error or returns empty
[22m[39mÔÜá´©Å  RLS bypass enabled (test mode) ÔÇö triple-gate activated: 
bypass_rls=on + realm=test + roles=TEST_SEED

[90mstderr[2m | src/__tests__/rls-catalog-items.smoke.integration.test.ts[2m > 
[22m[2mRLS Catalog Items ÔÇö Cross-Tenant Isolation (Smoke)[2m > 
[22m[2mFail-closed: Query without context throws error or returns empty
[22m[39mÔÜá´©Å  RLS bypass enabled (test mode) ÔÇö triple-gate activated: 
bypass_rls=on + realm=test + roles=TEST_SEED

[90mstderr[2m | src/__tests__/rls-catalog-items.smoke.integration.test.ts[2m > 
[22m[2mRLS Catalog Items ÔÇö Cross-Tenant Isolation (Smoke)[2m > [22m[2mPooler 
safety: Context does not bleed between transactions
[22m[39mÔÜá´©Å  RLS bypass enabled (test mode) ÔÇö triple-gate activated: 
bypass_rls=on + realm=test + roles=TEST_SEED

[90mstderr[2m | src/__tests__/rls-catalog-items.smoke.integration.test.ts[2m > 
[22m[2mRLS Catalog Items ÔÇö Cross-Tenant Isolation (Smoke)[2m > [22m[2mPooler 
safety: Context does not bleed between transactions
[22m[39mÔÜá´©Å  RLS bypass enabled (test mode) ÔÇö triple-gate activated: 
bypass_rls=on + realm=test + roles=TEST_SEED

[90mstderr[2m | src/__tests__/rls-catalog-items.smoke.integration.test.ts[2m > 
[22m[2mRLS Catalog Items ÔÇö Cross-Tenant Isolation (Smoke)[2m > [22m[2mPooler 
safety: Context does not bleed between transactions
[22m[39mÔÜá´©Å  RLS bypass enabled (test mode) ÔÇö triple-gate activated: 
bypass_rls=on + realm=test + roles=TEST_SEED

[90mstderr[2m | src/__tests__/rls-catalog-items.smoke.integration.test.ts[2m > 
[22m[2mRLS Catalog Items ÔÇö Cross-Tenant Isolation (Smoke)[2m > [22m[2mPooler 
safety: Context does not bleed between transactions
[22m[39mÔÜá´©Å  RLS bypass enabled (test mode) ÔÇö triple-gate activated: 
bypass_rls=on + realm=test + roles=TEST_SEED

[90mstderr[2m | src/__tests__/rls-catalog-items.smoke.integration.test.ts[2m > 
[22m[2mRLS Catalog Items ÔÇö Cross-Tenant Isolation (Smoke)[2m > [22m[2mPooler 
safety: Context does not bleed between transactions
[22m[39mÔÜá´©Å  RLS bypass enabled (test mode) ÔÇö triple-gate activated: 
bypass_rls=on + realm=test + roles=TEST_SEED

[90mstderr[2m | src/__tests__/rls-catalog-items.smoke.integration.test.ts[2m > 
[22m[2mRLS Catalog Items ÔÇö Cross-Tenant Isolation (Smoke)[2m > [22m[2mPooler 
safety: Context does not bleed between transactions
[22m[39mÔÜá´©Å  RLS bypass enabled (test mode) ÔÇö triple-gate activated: 
bypass_rls=on + realm=test + roles=TEST_SEED

 [31mÔØ»[39m src/__tests__/rls-catalog-items.smoke.integration.test.ts [2m([22m[2m5 tests[22m[2m | [22m[31m4 failed[39m[2m)[22m[33m 84816[2mms[22m[39m
[31m     [31m├ù[31m Org A context returns only Org A items[39m[33m 18882[2mms[22m[39m
[31m     [31m├ù[31m Org B context returns only Org B items[39m[33m 16170[2mms[22m[39m
[31m     [31m├ù[31m Cross-tenant isolation: Org A cannot see Org B items[39m[33m 16337[2mms[22m[39m
     [33m[2mÔ£ô[22m[39m Fail-closed: Query without context throws error or returns empty [33m 14643[2mms[22m[39m
[31m     [31m├ù[31m Pooler safety: Context does not bleed between transactions[39m[33m 15465[2mms[22m[39m

[31mÔÄ»ÔÄ»ÔÄ»ÔÄ»ÔÄ»ÔÄ»ÔÄ»[39m[1m[41m Failed Tests 4 
[49m[22m[31mÔÄ»ÔÄ»ÔÄ»ÔÄ»ÔÄ»ÔÄ»ÔÄ»[39m

[41m[1m FAIL [22m[49m 
src/__tests__/rls-catalog-items.smoke.integration.test.ts[2m > [22mRLS Catalog Items 
ÔÇö Cross-Tenant Isolation (Smoke)[2m > [22mOrg A context returns only Org A items
[31m[1mError[22m: Test timed out in 5000ms.
If this is a long-running test, pass a timeout value as the last argument or configure 
it globally with "testTimeout".[39m
[36m [2mÔØ»[22m 
src/__tests__/rls-catalog-items.smoke.integration.test.ts:[2m72:3[22m[39m
    [90m 70| [39m  }[33m,[39m [34m30000[39m)[33m;[39m [90m// Increase hook 
timeout to 30 seconds[39m
    [90m 71| [39m
    [90m 72| [39m  [34mtest[39m([32m'Org A context returns only Org A 
items'[39m[33m,[39m [35masync[39m () [33m=>[39m {
    [90m   | [39m  [31m^[39m
    [90m 73| [39m    [90m// Create Org A context[39m
    [90m 74| [39m    [35mconst[39m contextA [33m=[39m [34mmakeDbContext[39m({

[31m[2mÔÄ»ÔÄ»ÔÄ»ÔÄ»ÔÄ»ÔÄ»ÔÄ»ÔÄ»ÔÄ»ÔÄ»ÔÄ»ÔÄ»ÔÄ»ÔÄ»ÔÄ»ÔÄ»ÔÄ»ÔÄ»ÔÄ»ÔÄ»ÔÄ»ÔÄ»ÔÄ»ÔÄ»[1/4]Ô
Ä»[22m[39m

[41m[1m FAIL [22m[49m 
src/__tests__/rls-catalog-items.smoke.integration.test.ts[2m > [22mRLS Catalog Items 
ÔÇö Cross-Tenant Isolation (Smoke)[2m > [22mOrg B context returns only Org B items
[31m[1mAssertionError[22m: expected [ { ÔÇª(9) }, { ÔÇª(9) }, { ÔÇª(9) }, ÔÇª(2) ] 
to have a length of 3 but got 5[39m

[32m- Expected[39m
[31m+ Received[39m

[32m- 3[39m
[31m+ 5[39m

[36m [2mÔØ»[22m 
src/__tests__/rls-catalog-items.smoke.integration.test.ts:[2m150:20[22m[39m
    [90m148| [39m
    [90m149| [39m    [90m// Assertions: Only Org B items returned[39m
    [90m150| [39m    
[34mexpect[39m(itemsB)[33m.[39m[34mtoHaveLength[39m([34m3[39m)[33m;[39m
    [90m   | [39m                   [31m^[39m
    [90m151| [39m    expect(itemsB.every((item: any) => item.tenantId === 
orgBId)).toBeÔÇª
    [90m152| [39m    [34mexpect[39m(itemsB[[34m0[39m][33m.[39msku)[33m.[39m[
34mtoContain[39m(testRunId)[33m;[39m

[31m[2mÔÄ»ÔÄ»ÔÄ»ÔÄ»ÔÄ»ÔÄ»ÔÄ»ÔÄ»ÔÄ»ÔÄ»ÔÄ»ÔÄ»ÔÄ»ÔÄ»ÔÄ»ÔÄ»ÔÄ»ÔÄ»ÔÄ»ÔÄ»ÔÄ»ÔÄ»ÔÄ»ÔÄ»[2/4]Ô
Ä»[22m[39m

[41m[1m FAIL [22m[49m 
src/__tests__/rls-catalog-items.smoke.integration.test.ts[2m > [22mRLS Catalog Items 
ÔÇö Cross-Tenant Isolation (Smoke)[2m > [22mCross-tenant isolation: Org A cannot see 
Org B items
[31m[1mAssertionError[22m: expected [ { ÔÇª(9) }, { ÔÇª(9) }, { ÔÇª(9) }, ÔÇª(2) ] 
to have a length of 2 but got 5[39m

[32m- Expected[39m
[31m+ Received[39m

[32m- 2[39m
[31m+ 5[39m

[36m [2mÔØ»[22m 
src/__tests__/rls-catalog-items.smoke.integration.test.ts:[2m176:20[22m[39m
    [90m174| [39m    [90m// Assertions: RLS should filter to ONLY Org A items[39m
    [90m175| [39m    [90m// Even though we didn't filter by tenantId, RLS enforces 
boundary[39m
    [90m176| [39m    
[34mexpect[39m(itemsA)[33m.[39m[34mtoHaveLength[39m([34m2[39m)[33m;[39m 
[90m// Not 5 (2 + 3)[39m
    [90m   | [39m                   [31m^[39m
    [90m177| [39m    expect(itemsA.every((item: any) => item.tenantId === 
orgAId)).toBeÔÇª
    [90m178| [39m  })[33m;[39m

[31m[2mÔÄ»ÔÄ»ÔÄ»ÔÄ»ÔÄ»ÔÄ»ÔÄ»ÔÄ»ÔÄ»ÔÄ»ÔÄ»ÔÄ»ÔÄ»ÔÄ»ÔÄ»ÔÄ»ÔÄ»ÔÄ»ÔÄ»ÔÄ»ÔÄ»ÔÄ»ÔÄ»ÔÄ»[3/4]Ô
Ä»[22m[39m

[41m[1m FAIL [22m[49m 
src/__tests__/rls-catalog-items.smoke.integration.test.ts[2m > [22mRLS Catalog Items 
ÔÇö Cross-Tenant Isolation (Smoke)[2m > [22mPooler safety: Context does not bleed 
between transactions
[31m[1mAssertionError[22m: expected false to be true // Object.is equality[39m

[32m- Expected[39m
[31m+ Received[39m

[32m- true[39m
[31m+ false[39m

[36m [2mÔØ»[22m 
src/__tests__/rls-catalog-items.smoke.integration.test.ts:[2m215:69[22m[39m
    [90m213| [39m        where[33m:[39m { sku[33m:[39m { contains[33m:[39m 
testRunId } }[33m,[39m
    [90m214| [39m      })[33m;[39m
    [90m215| [39m      expect(itemsA.every((item: any) => item.tenantId === 
orgAId)).toÔÇª
    [90m   | [39m                                                                    
[31m^[39m
    [90m216| [39m    })[33m;[39m
    [90m217| [39m    [90m// Transaction ends ÔÇö context cleared (SET LOCAL 
semantics)[39m
[90m [2mÔØ»[22m Proxy._transactionWithCallback 
node_modules/@prisma/client/runtime/library.js:[2m130:7983[22m[39m
[90m [2mÔØ»[22m 
src/__tests__/rls-catalog-items.smoke.integration.test.ts:[2m211:5[22m[39m

[31m[2mÔÄ»ÔÄ»ÔÄ»ÔÄ»ÔÄ»ÔÄ»ÔÄ»ÔÄ»ÔÄ»ÔÄ»ÔÄ»ÔÄ»ÔÄ»ÔÄ»ÔÄ»ÔÄ»ÔÄ»ÔÄ»ÔÄ»ÔÄ»ÔÄ»ÔÄ»ÔÄ»ÔÄ»[4/4]Ô
Ä»[22m[39m


[2m Test Files [22m [1m[31m1 failed[39m[22m[90m (1)[39m
[2m      Tests [22m [1m[31m4 failed[39m[22m[2m | [22m[1m[32m1 passed[39m[22m[90m (5)[39m
[2m   Start at [22m 20:52:04
[2m   Duration [22m 85.37s[2m (transform 79ms, setup 0ms, import 227ms, tests 84.82s, environment 0ms)[22m

ÔÇëELIFECYCLEÔÇë Test failed. See above for more details.
